# serializer version: 1
# name: test_spawn_plan_snapshot[template_03]
  dict({
    'creatures': list([
      dict({
        'ai_link_parent': None,
        'ai_mode': 0,
        'ai_timer': 0,
        'bonus_duration_override': None,
        'bonus_id': None,
        'contact_damage': 4.0,
        'flags': 128,
        'heading': 0.0,
        'health': 76.0,
        'max_health': 76.0,
        'move_speed': 3.36,
        'orbit_angle': None,
        'orbit_radius': None,
        'origin_template_id': 3,
        'phase_seed': 296.0,
        'pos': list([
          100.0,
          200.0,
        ]),
        'ranged_projectile_type': None,
        'reward_value': 148.0,
        'size': 49.0,
        'spawn_slot': None,
        'target_offset': None,
        'tint': list([
          0.6,
          0.6,
          0.95,
          1.0,
        ]),
        'type_id': 3,
      }),
    ]),
    'effects': list([
    ]),
    'primary': 0,
    'spawn_slots': list([
    ]),
    'template_id': 3,
  })
# ---
# name: test_spawn_plan_snapshot[template_15]
  dict({
    'creatures': list([
      dict({
        'ai_link_parent': None,
        'ai_mode': 2,
        'ai_timer': None,
        'bonus_duration_override': None,
        'bonus_id': None,
        'contact_damage': 40.0,
        'flags': 0,
        'heading': 3.11,
        'health': 1500.0,
        'max_health': 1500.0,
        'move_speed': 2.0,
        'orbit_angle': None,
        'orbit_radius': None,
        'origin_template_id': 21,
        'phase_seed': 296.0,
        'pos': list([
          100.0,
          200.0,
        ]),
        'ranged_projectile_type': None,
        'reward_value': 600.0,
        'size': 60.0,
        'spawn_slot': None,
        'target_offset': None,
        'tint': list([
          1.0,
          1.0,
          1.0,
          1.0,
        ]),
        'type_id': 2,
      }),
      dict({
        'ai_link_parent': 0,
        'ai_mode': 4,
        'ai_timer': None,
        'bonus_duration_override': None,
        'bonus_id': None,
        'contact_damage': 4.0,
        'flags': 0,
        'heading': None,
        'health': 40.0,
        'max_health': 40.0,
        'move_speed': 2.0,
        'orbit_angle': None,
        'orbit_radius': None,
        'origin_template_id': 21,
        'phase_seed': 363.0,
        'pos': list([
          100.0,
          328.0,
        ]),
        'ranged_projectile_type': None,
        'reward_value': 60.0,
        'size': 50.0,
        'spawn_slot': None,
        'target_offset': list([
          0.0,
          128.0,
        ]),
        'tint': list([
          0.4,
          0.7,
          0.11,
          1.0,
        ]),
        'type_id': 2,
      }),
      dict({
        'ai_link_parent': 0,
        'ai_mode': 4,
        'ai_timer': None,
        'bonus_duration_override': None,
        'bonus_id': None,
        'contact_damage': 4.0,
        'flags': 0,
        'heading': None,
        'health': 40.0,
        'max_health': 40.0,
        'move_speed': 2.0,
        'orbit_angle': None,
        'orbit_radius': None,
        'origin_template_id': 21,
        'phase_seed': 125.0,
        'pos': list([
          100.0,
          344.0,
        ]),
        'ranged_projectile_type': None,
        'reward_value': 60.0,
        'size': 50.0,
        'spawn_slot': None,
        'target_offset': list([
          0.0,
          144.0,
        ]),
        'tint': list([
          0.4,
          0.7,
          0.11,
          1.0,
        ]),
        'type_id': 2,
      }),
      dict({
        'ai_link_parent': 0,
        'ai_mode': 4,
        'ai_timer': None,
        'bonus_duration_override': None,
        'bonus_id': None,
        'contact_damage': 4.0,
        'flags': 0,
        'heading': None,
        'health': 40.0,
        'max_health': 40.0,
        'move_speed': 2.0,
        'orbit_angle': None,
        'orbit_radius': None,
        'origin_template_id': 21,
        'phase_seed': 346.0,
        'pos': list([
          100.0,
          360.0,
        ]),
        'ranged_projectile_type': None,
        'reward_value': 60.0,
        'size': 50.0,
        'spawn_slot': None,
        'target_offset': list([
          0.0,
          160.0,
        ]),
        'tint': list([
          0.4,
          0.7,
          0.11,
          1.0,
        ]),
        'type_id': 2,
      }),
      dict({
        'ai_link_parent': 0,
        'ai_mode': 4,
        'ai_timer': None,
        'bonus_duration_override': None,
        'bonus_id': None,
        'contact_damage': 4.0,
        'flags': 0,
        'heading': None,
        'health': 40.0,
        'max_health': 40.0,
        'move_speed': 2.0,
        'orbit_angle': None,
        'orbit_radius': None,
        'origin_template_id': 21,
        'phase_seed': 58.0,
        'pos': list([
          100.0,
          376.0,
        ]),
        'ranged_projectile_type': None,
        'reward_value': 60.0,
        'size': 50.0,
        'spawn_slot': None,
        'target_offset': list([
          0.0,
          176.0,
        ]),
        'tint': list([
          0.4,
          0.7,
          0.11,
          1.0,
        ]),
        'type_id': 2,
      }),
      dict({
        'ai_link_parent': 0,
        'ai_mode': 4,
        'ai_timer': None,
        'bonus_duration_override': None,
        'bonus_id': None,
        'contact_damage': 4.0,
        'flags': 0,
        'heading': None,
        'health': 40.0,
        'max_health': 40.0,
        'move_speed': 2.0,
        'orbit_angle': None,
        'orbit_radius': None,
        'origin_template_id': 21,
        'phase_seed': 34.0,
        'pos': list([
          100.0,
          392.0,
        ]),
        'ranged_projectile_type': None,
        'reward_value': 60.0,
        'size': 50.0,
        'spawn_slot': None,
        'target_offset': list([
          0.0,
          192.0,
        ]),
        'tint': list([
          0.4,
          0.7,
          0.11,
          1.0,
        ]),
        'type_id': 2,
      }),
      dict({
        'ai_link_parent': 0,
        'ai_mode': 4,
        'ai_timer': None,
        'bonus_duration_override': None,
        'bonus_id': None,
        'contact_damage': 4.0,
        'flags': 0,
        'heading': None,
        'health': 40.0,
        'max_health': 40.0,
        'move_speed': 2.0,
        'orbit_angle': None,
        'orbit_radius': None,
        'origin_template_id': 21,
        'phase_seed': 256.0,
        'pos': list([
          100.0,
          408.0,
        ]),
        'ranged_projectile_type': None,
        'reward_value': 60.0,
        'size': 50.0,
        'spawn_slot': None,
        'target_offset': list([
          0.0,
          208.0,
        ]),
        'tint': list([
          0.4,
          0.7,
          0.11,
          1.0,
        ]),
        'type_id': 2,
      }),
      dict({
        'ai_link_parent': 0,
        'ai_mode': 4,
        'ai_timer': None,
        'bonus_duration_override': None,
        'bonus_id': None,
        'contact_damage': 4.0,
        'flags': 0,
        'heading': None,
        'health': 40.0,
        'max_health': 40.0,
        'move_speed': 2.0,
        'orbit_angle': None,
        'orbit_radius': None,
        'origin_template_id': 21,
        'phase_seed': 24.0,
        'pos': list([
          100.0,
          424.0,
        ]),
        'ranged_projectile_type': None,
        'reward_value': 60.0,
        'size': 50.0,
        'spawn_slot': None,
        'target_offset': list([
          0.0,
          224.0,
        ]),
        'tint': list([
          0.4,
          0.7,
          0.11,
          1.0,
        ]),
        'type_id': 2,
      }),
      dict({
        'ai_link_parent': 0,
        'ai_mode': 4,
        'ai_timer': None,
        'bonus_duration_override': None,
        'bonus_id': None,
        'contact_damage': 4.0,
        'flags': 0,
        'heading': None,
        'health': 40.0,
        'max_health': 40.0,
        'move_speed': 2.0,
        'orbit_angle': None,
        'orbit_radius': None,
        'origin_template_id': 21,
        'phase_seed': 105.0,
        'pos': list([
          100.0,
          440.0,
        ]),
        'ranged_projectile_type': None,
        'reward_value': 60.0,
        'size': 50.0,
        'spawn_slot': None,
        'target_offset': list([
          0.0,
          240.0,
        ]),
        'tint': list([
          0.4,
          0.7,
          0.11,
          1.0,
        ]),
        'type_id': 2,
      }),
      dict({
        'ai_link_parent': 0,
        'ai_mode': 4,
        'ai_timer': None,
        'bonus_duration_override': None,
        'bonus_id': None,
        'contact_damage': 4.0,
        'flags': 0,
        'heading': None,
        'health': 40.0,
        'max_health': 40.0,
        'move_speed': 2.0,
        'orbit_angle': None,
        'orbit_radius': None,
        'origin_template_id': 21,
        'phase_seed': 27.0,
        'pos': list([
          100.0,
          456.0,
        ]),
        'ranged_projectile_type': None,
        'reward_value': 60.0,
        'size': 50.0,
        'spawn_slot': None,
        'target_offset': list([
          0.0,
          256.0,
        ]),
        'tint': list([
          0.4,
          0.7,
          0.11,
          1.0,
        ]),
        'type_id': 2,
      }),
      dict({
        'ai_link_parent': 0,
        'ai_mode': 4,
        'ai_timer': None,
        'bonus_duration_override': None,
        'bonus_id': None,
        'contact_damage': 4.0,
        'flags': 0,
        'heading': None,
        'health': 40.0,
        'max_health': 40.0,
        'move_speed': 2.0,
        'orbit_angle': None,
        'orbit_radius': None,
        'origin_template_id': 21,
        'phase_seed': 321.0,
        'pos': list([
          36.0,
          328.0,
        ]),
        'ranged_projectile_type': None,
        'reward_value': 60.0,
        'size': 50.0,
        'spawn_slot': None,
        'target_offset': list([
          -64.0,
          128.0,
        ]),
        'tint': list([
          0.4,
          0.7,
          0.11,
          1.0,
        ]),
        'type_id': 2,
      }),
      dict({
        'ai_link_parent': 0,
        'ai_mode': 4,
        'ai_timer': None,
        'bonus_duration_override': None,
        'bonus_id': None,
        'contact_damage': 4.0,
        'flags': 0,
        'heading': None,
        'health': 40.0,
        'max_health': 40.0,
        'move_speed': 2.0,
        'orbit_angle': None,
        'orbit_radius': None,
        'origin_template_id': 21,
        'phase_seed': 271.0,
        'pos': list([
          36.0,
          344.0,
        ]),
        'ranged_projectile_type': None,
        'reward_value': 60.0,
        'size': 50.0,
        'spawn_slot': None,
        'target_offset': list([
          -64.0,
          144.0,
        ]),
        'tint': list([
          0.4,
          0.7,
          0.11,
          1.0,
        ]),
        'type_id': 2,
      }),
      dict({
        'ai_link_parent': 0,
        'ai_mode': 4,
        'ai_timer': None,
        'bonus_duration_override': None,
        'bonus_id': None,
        'contact_damage': 4.0,
        'flags': 0,
        'heading': None,
        'health': 40.0,
        'max_health': 40.0,
        'move_speed': 2.0,
        'orbit_angle': None,
        'orbit_radius': None,
        'origin_template_id': 21,
        'phase_seed': 25.0,
        'pos': list([
          36.0,
          360.0,
        ]),
        'ranged_projectile_type': None,
        'reward_value': 60.0,
        'size': 50.0,
        'spawn_slot': None,
        'target_offset': list([
          -64.0,
          160.0,
        ]),
        'tint': list([
          0.4,
          0.7,
          0.11,
          1.0,
        ]),
        'type_id': 2,
      }),
      dict({
        'ai_link_parent': 0,
        'ai_mode': 4,
        'ai_timer': None,
        'bonus_duration_override': None,
        'bonus_id': None,
        'contact_damage': 4.0,
        'flags': 0,
        'heading': None,
        'health': 40.0,
        'max_health': 40.0,
        'move_speed': 2.0,
        'orbit_angle': None,
        'orbit_radius': None,
        'origin_template_id': 21,
        'phase_seed': 269.0,
        'pos': list([
          36.0,
          376.0,
        ]),
        'ranged_projectile_type': None,
        'reward_value': 60.0,
        'size': 50.0,
        'spawn_slot': None,
        'target_offset': list([
          -64.0,
          176.0,
        ]),
        'tint': list([
          0.4,
          0.7,
          0.11,
          1.0,
        ]),
        'type_id': 2,
      }),
      dict({
        'ai_link_parent': 0,
        'ai_mode': 4,
        'ai_timer': None,
        'bonus_duration_override': None,
        'bonus_id': None,
        'contact_damage': 4.0,
        'flags': 0,
        'heading': None,
        'health': 40.0,
        'max_health': 40.0,
        'move_speed': 2.0,
        'orbit_angle': None,
        'orbit_radius': None,
        'origin_template_id': 21,
        'phase_seed': 47.0,
        'pos': list([
          36.0,
          392.0,
        ]),
        'ranged_projectile_type': None,
        'reward_value': 60.0,
        'size': 50.0,
        'spawn_slot': None,
        'target_offset': list([
          -64.0,
          192.0,
        ]),
        'tint': list([
          0.4,
          0.7,
          0.11,
          1.0,
        ]),
        'type_id': 2,
      }),
      dict({
        'ai_link_parent': 0,
        'ai_mode': 4,
        'ai_timer': None,
        'bonus_duration_override': None,
        'bonus_id': None,
        'contact_damage': 4.0,
        'flags': 0,
        'heading': None,
        'health': 40.0,
        'max_health': 40.0,
        'move_speed': 2.0,
        'orbit_angle': None,
        'orbit_radius': None,
        'origin_template_id': 21,
        'phase_seed': 62.0,
        'pos': list([
          36.0,
          408.0,
        ]),
        'ranged_projectile_type': None,
        'reward_value': 60.0,
        'size': 50.0,
        'spawn_slot': None,
        'target_offset': list([
          -64.0,
          208.0,
        ]),
        'tint': list([
          0.4,
          0.7,
          0.11,
          1.0,
        ]),
        'type_id': 2,
      }),
      dict({
        'ai_link_parent': 0,
        'ai_mode': 4,
        'ai_timer': None,
        'bonus_duration_override': None,
        'bonus_id': None,
        'contact_damage': 4.0,
        'flags': 0,
        'heading': None,
        'health': 40.0,
        'max_health': 40.0,
        'move_speed': 2.0,
        'orbit_angle': None,
        'orbit_radius': None,
        'origin_template_id': 21,
        'phase_seed': 94.0,
        'pos': list([
          36.0,
          424.0,
        ]),
        'ranged_projectile_type': None,
        'reward_value': 60.0,
        'size': 50.0,
        'spawn_slot': None,
        'target_offset': list([
          -64.0,
          224.0,
        ]),
        'tint': list([
          0.4,
          0.7,
          0.11,
          1.0,
        ]),
        'type_id': 2,
      }),
      dict({
        'ai_link_parent': 0,
        'ai_mode': 4,
        'ai_timer': None,
        'bonus_duration_override': None,
        'bonus_id': None,
        'contact_damage': 4.0,
        'flags': 0,
        'heading': None,
        'health': 40.0,
        'max_health': 40.0,
        'move_speed': 2.0,
        'orbit_angle': None,
        'orbit_radius': None,
        'origin_template_id': 21,
        'phase_seed': 262.0,
        'pos': list([
          36.0,
          440.0,
        ]),
        'ranged_projectile_type': None,
        'reward_value': 60.0,
        'size': 50.0,
        'spawn_slot': None,
        'target_offset': list([
          -64.0,
          240.0,
        ]),
        'tint': list([
          0.4,
          0.7,
          0.11,
          1.0,
        ]),
        'type_id': 2,
      }),
      dict({
        'ai_link_parent': 0,
        'ai_mode': 4,
        'ai_timer': None,
        'bonus_duration_override': None,
        'bonus_id': None,
        'contact_damage': 4.0,
        'flags': 0,
        'heading': None,
        'health': 40.0,
        'max_health': 40.0,
        'move_speed': 2.0,
        'orbit_angle': None,
        'orbit_radius': None,
        'origin_template_id': 21,
        'phase_seed': 297.0,
        'pos': list([
          36.0,
          456.0,
        ]),
        'ranged_projectile_type': None,
        'reward_value': 60.0,
        'size': 50.0,
        'spawn_slot': None,
        'target_offset': list([
          -64.0,
          256.0,
        ]),
        'tint': list([
          0.4,
          0.7,
          0.11,
          1.0,
        ]),
        'type_id': 2,
      }),
      dict({
        'ai_link_parent': 0,
        'ai_mode': 4,
        'ai_timer': None,
        'bonus_duration_override': None,
        'bonus_id': None,
        'contact_damage': 4.0,
        'flags': 0,
        'heading': None,
        'health': 40.0,
        'max_health': 40.0,
        'move_speed': 2.0,
        'orbit_angle': None,
        'orbit_radius': None,
        'origin_template_id': 21,
        'phase_seed': 345.0,
        'pos': list([
          -28.0,
          328.0,
        ]),
        'ranged_projectile_type': None,
        'reward_value': 60.0,
        'size': 50.0,
        'spawn_slot': None,
        'target_offset': list([
          -128.0,
          128.0,
        ]),
        'tint': list([
          0.4,
          0.7,
          0.11,
          1.0,
        ]),
        'type_id': 2,
      }),
      dict({
        'ai_link_parent': 0,
        'ai_mode': 4,
        'ai_timer': None,
        'bonus_duration_override': None,
        'bonus_id': None,
        'contact_damage': 4.0,
        'flags': 0,
        'heading': None,
        'health': 40.0,
        'max_health': 40.0,
        'move_speed': 2.0,
        'orbit_angle': None,
        'orbit_radius': None,
        'origin_template_id': 21,
        'phase_seed': 302.0,
        'pos': list([
          -28.0,
          344.0,
        ]),
        'ranged_projectile_type': None,
        'reward_value': 60.0,
        'size': 50.0,
        'spawn_slot': None,
        'target_offset': list([
          -128.0,
          144.0,
        ]),
        'tint': list([
          0.4,
          0.7,
          0.11,
          1.0,
        ]),
        'type_id': 2,
      }),
      dict({
        'ai_link_parent': 0,
        'ai_mode': 4,
        'ai_timer': None,
        'bonus_duration_override': None,
        'bonus_id': None,
        'contact_damage': 4.0,
        'flags': 0,
        'heading': None,
        'health': 40.0,
        'max_health': 40.0,
        'move_speed': 2.0,
        'orbit_angle': None,
        'orbit_radius': None,
        'origin_template_id': 21,
        'phase_seed': 375.0,
        'pos': list([
          -28.0,
          360.0,
        ]),
        'ranged_projectile_type': None,
        'reward_value': 60.0,
        'size': 50.0,
        'spawn_slot': None,
        'target_offset': list([
          -128.0,
          160.0,
        ]),
        'tint': list([
          0.4,
          0.7,
          0.11,
          1.0,
        ]),
        'type_id': 2,
      }),
      dict({
        'ai_link_parent': 0,
        'ai_mode': 4,
        'ai_timer': None,
        'bonus_duration_override': None,
        'bonus_id': None,
        'contact_damage': 4.0,
        'flags': 0,
        'heading': None,
        'health': 40.0,
        'max_health': 40.0,
        'move_speed': 2.0,
        'orbit_angle': None,
        'orbit_radius': None,
        'origin_template_id': 21,
        'phase_seed': 370.0,
        'pos': list([
          -28.0,
          376.0,
        ]),
        'ranged_projectile_type': None,
        'reward_value': 60.0,
        'size': 50.0,
        'spawn_slot': None,
        'target_offset': list([
          -128.0,
          176.0,
        ]),
        'tint': list([
          0.4,
          0.7,
          0.11,
          1.0,
        ]),
        'type_id': 2,
      }),
      dict({
        'ai_link_parent': 0,
        'ai_mode': 4,
        'ai_timer': None,
        'bonus_duration_override': None,
        'bonus_id': None,
        'contact_damage': 4.0,
        'flags': 0,
        'heading': None,
        'health': 40.0,
        'max_health': 40.0,
        'move_speed': 2.0,
        'orbit_angle': None,
        'orbit_radius': None,
        'origin_template_id': 21,
        'phase_seed': 107.0,
        'pos': list([
          -28.0,
          392.0,
        ]),
        'ranged_projectile_type': None,
        'reward_value': 60.0,
        'size': 50.0,
        'spawn_slot': None,
        'target_offset': list([
          -128.0,
          192.0,
        ]),
        'tint': list([
          0.4,
          0.7,
          0.11,
          1.0,
        ]),
        'type_id': 2,
      }),
      dict({
        'ai_link_parent': 0,
        'ai_mode': 4,
        'ai_timer': None,
        'bonus_duration_override': None,
        'bonus_id': None,
        'contact_damage': 4.0,
        'flags': 0,
        'heading': None,
        'health': 40.0,
        'max_health': 40.0,
        'move_speed': 2.0,
        'orbit_angle': None,
        'orbit_radius': None,
        'origin_template_id': 21,
        'phase_seed': 370.0,
        'pos': list([
          -28.0,
          408.0,
        ]),
        'ranged_projectile_type': None,
        'reward_value': 60.0,
        'size': 50.0,
        'spawn_slot': None,
        'target_offset': list([
          -128.0,
          208.0,
        ]),
        'tint': list([
          0.4,
          0.7,
          0.11,
          1.0,
        ]),
        'type_id': 2,
      }),
      dict({
        'ai_link_parent': 0,
        'ai_mode': 4,
        'ai_timer': None,
        'bonus_duration_override': None,
        'bonus_id': None,
        'contact_damage': 4.0,
        'flags': 0,
        'heading': None,
        'health': 40.0,
        'max_health': 40.0,
        'move_speed': 2.0,
        'orbit_angle': None,
        'orbit_radius': None,
        'origin_template_id': 21,
        'phase_seed': 115.0,
        'pos': list([
          -28.0,
          424.0,
        ]),
        'ranged_projectile_type': None,
        'reward_value': 60.0,
        'size': 50.0,
        'spawn_slot': None,
        'target_offset': list([
          -128.0,
          224.0,
        ]),
        'tint': list([
          0.4,
          0.7,
          0.11,
          1.0,
        ]),
        'type_id': 2,
      }),
      dict({
        'ai_link_parent': 0,
        'ai_mode': 4,
        'ai_timer': None,
        'bonus_duration_override': None,
        'bonus_id': None,
        'contact_damage': 4.0,
        'flags': 0,
        'heading': None,
        'health': 40.0,
        'max_health': 40.0,
        'move_speed': 2.0,
        'orbit_angle': None,
        'orbit_radius': None,
        'origin_template_id': 21,
        'phase_seed': 95.0,
        'pos': list([
          -28.0,
          440.0,
        ]),
        'ranged_projectile_type': None,
        'reward_value': 60.0,
        'size': 50.0,
        'spawn_slot': None,
        'target_offset': list([
          -128.0,
          240.0,
        ]),
        'tint': list([
          0.4,
          0.7,
          0.11,
          1.0,
        ]),
        'type_id': 2,
      }),
      dict({
        'ai_link_parent': 0,
        'ai_mode': 4,
        'ai_timer': None,
        'bonus_duration_override': None,
        'bonus_id': None,
        'contact_damage': 4.0,
        'flags': 0,
        'heading': None,
        'health': 40.0,
        'max_health': 40.0,
        'move_speed': 2.0,
        'orbit_angle': None,
        'orbit_radius': None,
        'origin_template_id': 21,
        'phase_seed': 64.0,
        'pos': list([
          -28.0,
          456.0,
        ]),
        'ranged_projectile_type': None,
        'reward_value': 60.0,
        'size': 50.0,
        'spawn_slot': None,
        'target_offset': list([
          -128.0,
          256.0,
        ]),
        'tint': list([
          0.4,
          0.7,
          0.11,
          1.0,
        ]),
        'type_id': 2,
      }),
      dict({
        'ai_link_parent': 0,
        'ai_mode': 4,
        'ai_timer': None,
        'bonus_duration_override': None,
        'bonus_id': None,
        'contact_damage': 4.0,
        'flags': 0,
        'heading': None,
        'health': 40.0,
        'max_health': 40.0,
        'move_speed': 2.0,
        'orbit_angle': None,
        'orbit_radius': None,
        'origin_template_id': 21,
        'phase_seed': 350.0,
        'pos': list([
          -92.0,
          328.0,
        ]),
        'ranged_projectile_type': None,
        'reward_value': 60.0,
        'size': 50.0,
        'spawn_slot': None,
        'target_offset': list([
          -192.0,
          128.0,
        ]),
        'tint': list([
          0.4,
          0.7,
          0.11,
          1.0,
        ]),
        'type_id': 2,
      }),
      dict({
        'ai_link_parent': 0,
        'ai_mode': 4,
        'ai_timer': None,
        'bonus_duration_override': None,
        'bonus_id': None,
        'contact_damage': 4.0,
        'flags': 0,
        'heading': None,
        'health': 40.0,
        'max_health': 40.0,
        'move_speed': 2.0,
        'orbit_angle': None,
        'orbit_radius': None,
        'origin_template_id': 21,
        'phase_seed': 52.0,
        'pos': list([
          -92.0,
          344.0,
        ]),
        'ranged_projectile_type': None,
        'reward_value': 60.0,
        'size': 50.0,
        'spawn_slot': None,
        'target_offset': list([
          -192.0,
          144.0,
        ]),
        'tint': list([
          0.4,
          0.7,
          0.11,
          1.0,
        ]),
        'type_id': 2,
      }),
      dict({
        'ai_link_parent': 0,
        'ai_mode': 4,
        'ai_timer': None,
        'bonus_duration_override': None,
        'bonus_id': None,
        'contact_damage': 4.0,
        'flags': 0,
        'heading': None,
        'health': 40.0,
        'max_health': 40.0,
        'move_speed': 2.0,
        'orbit_angle': None,
        'orbit_radius': None,
        'origin_template_id': 21,
        'phase_seed': 83.0,
        'pos': list([
          -92.0,
          360.0,
        ]),
        'ranged_projectile_type': None,
        'reward_value': 60.0,
        'size': 50.0,
        'spawn_slot': None,
        'target_offset': list([
          -192.0,
          160.0,
        ]),
        'tint': list([
          0.4,
          0.7,
          0.11,
          1.0,
        ]),
        'type_id': 2,
      }),
      dict({
        'ai_link_parent': 0,
        'ai_mode': 4,
        'ai_timer': None,
        'bonus_duration_override': None,
        'bonus_id': None,
        'contact_damage': 4.0,
        'flags': 0,
        'heading': None,
        'health': 40.0,
        'max_health': 40.0,
        'move_speed': 2.0,
        'orbit_angle': None,
        'orbit_radius': None,
        'origin_template_id': 21,
        'phase_seed': 258.0,
        'pos': list([
          -92.0,
          376.0,
        ]),
        'ranged_projectile_type': None,
        'reward_value': 60.0,
        'size': 50.0,
        'spawn_slot': None,
        'target_offset': list([
          -192.0,
          176.0,
        ]),
        'tint': list([
          0.4,
          0.7,
          0.11,
          1.0,
        ]),
        'type_id': 2,
      }),
      dict({
        'ai_link_parent': 0,
        'ai_mode': 4,
        'ai_timer': None,
        'bonus_duration_override': None,
        'bonus_id': None,
        'contact_damage': 4.0,
        'flags': 0,
        'heading': None,
        'health': 40.0,
        'max_health': 40.0,
        'move_speed': 2.0,
        'orbit_angle': None,
        'orbit_radius': None,
        'origin_template_id': 21,
        'phase_seed': 382.0,
        'pos': list([
          -92.0,
          392.0,
        ]),
        'ranged_projectile_type': None,
        'reward_value': 60.0,
        'size': 50.0,
        'spawn_slot': None,
        'target_offset': list([
          -192.0,
          192.0,
        ]),
        'tint': list([
          0.4,
          0.7,
          0.11,
          1.0,
        ]),
        'type_id': 2,
      }),
      dict({
        'ai_link_parent': 0,
        'ai_mode': 4,
        'ai_timer': None,
        'bonus_duration_override': None,
        'bonus_id': None,
        'contact_damage': 4.0,
        'flags': 0,
        'heading': None,
        'health': 40.0,
        'max_health': 40.0,
        'move_speed': 2.0,
        'orbit_angle': None,
        'orbit_radius': None,
        'origin_template_id': 21,
        'phase_seed': 351.0,
        'pos': list([
          -92.0,
          408.0,
        ]),
        'ranged_projectile_type': None,
        'reward_value': 60.0,
        'size': 50.0,
        'spawn_slot': None,
        'target_offset': list([
          -192.0,
          208.0,
        ]),
        'tint': list([
          0.4,
          0.7,
          0.11,
          1.0,
        ]),
        'type_id': 2,
      }),
      dict({
        'ai_link_parent': 0,
        'ai_mode': 4,
        'ai_timer': None,
        'bonus_duration_override': None,
        'bonus_id': None,
        'contact_damage': 4.0,
        'flags': 0,
        'heading': None,
        'health': 40.0,
        'max_health': 40.0,
        'move_speed': 2.0,
        'orbit_angle': None,
        'orbit_radius': None,
        'origin_template_id': 21,
        'phase_seed': 109.0,
        'pos': list([
          -92.0,
          424.0,
        ]),
        'ranged_projectile_type': None,
        'reward_value': 60.0,
        'size': 50.0,
        'spawn_slot': None,
        'target_offset': list([
          -192.0,
          224.0,
        ]),
        'tint': list([
          0.4,
          0.7,
          0.11,
          1.0,
        ]),
        'type_id': 2,
      }),
      dict({
        'ai_link_parent': 0,
        'ai_mode': 4,
        'ai_timer': None,
        'bonus_duration_override': None,
        'bonus_id': None,
        'contact_damage': 4.0,
        'flags': 0,
        'heading': None,
        'health': 40.0,
        'max_health': 40.0,
        'move_speed': 2.0,
        'orbit_angle': None,
        'orbit_radius': None,
        'origin_template_id': 21,
        'phase_seed': 290.0,
        'pos': list([
          -92.0,
          440.0,
        ]),
        'ranged_projectile_type': None,
        'reward_value': 60.0,
        'size': 50.0,
        'spawn_slot': None,
        'target_offset': list([
          -192.0,
          240.0,
        ]),
        'tint': list([
          0.4,
          0.7,
          0.11,
          1.0,
        ]),
        'type_id': 2,
      }),
      dict({
        'ai_link_parent': 0,
        'ai_mode': 4,
        'ai_timer': None,
        'bonus_duration_override': None,
        'bonus_id': None,
        'contact_damage': 4.0,
        'flags': 0,
        'heading': None,
        'health': 40.0,
        'max_health': 40.0,
        'move_speed': 2.0,
        'orbit_angle': None,
        'orbit_radius': None,
        'origin_template_id': 21,
        'phase_seed': 274.0,
        'pos': list([
          -92.0,
          456.0,
        ]),
        'ranged_projectile_type': None,
        'reward_value': 60.0,
        'size': 50.0,
        'spawn_slot': None,
        'target_offset': list([
          -192.0,
          256.0,
        ]),
        'tint': list([
          0.4,
          0.7,
          0.11,
          1.0,
        ]),
        'type_id': 2,
      }),
      dict({
        'ai_link_parent': 0,
        'ai_mode': 4,
        'ai_timer': None,
        'bonus_duration_override': None,
        'bonus_id': None,
        'contact_damage': 4.0,
        'flags': 0,
        'heading': None,
        'health': 40.0,
        'max_health': 40.0,
        'move_speed': 2.0,
        'orbit_angle': None,
        'orbit_radius': None,
        'origin_template_id': 21,
        'phase_seed': 8.0,
        'pos': list([
          -156.0,
          328.0,
        ]),
        'ranged_projectile_type': None,
        'reward_value': 60.0,
        'size': 50.0,
        'spawn_slot': None,
        'target_offset': list([
          -256.0,
          128.0,
        ]),
        'tint': list([
          0.4,
          0.7,
          0.11,
          1.0,
        ]),
        'type_id': 2,
      }),
      dict({
        'ai_link_parent': 0,
        'ai_mode': 4,
        'ai_timer': None,
        'bonus_duration_override': None,
        'bonus_id': None,
        'contact_damage': 4.0,
        'flags': 0,
        'heading': None,
        'health': 40.0,
        'max_health': 40.0,
        'move_speed': 2.0,
        'orbit_angle': None,
        'orbit_radius': None,
        'origin_template_id': 21,
        'phase_seed': 256.0,
        'pos': list([
          -156.0,
          344.0,
        ]),
        'ranged_projectile_type': None,
        'reward_value': 60.0,
        'size': 50.0,
        'spawn_slot': None,
        'target_offset': list([
          -256.0,
          144.0,
        ]),
        'tint': list([
          0.4,
          0.7,
          0.11,
          1.0,
        ]),
        'type_id': 2,
      }),
      dict({
        'ai_link_parent': 0,
        'ai_mode': 4,
        'ai_timer': None,
        'bonus_duration_override': None,
        'bonus_id': None,
        'contact_damage': 4.0,
        'flags': 0,
        'heading': None,
        'health': 40.0,
        'max_health': 40.0,
        'move_speed': 2.0,
        'orbit_angle': None,
        'orbit_radius': None,
        'origin_template_id': 21,
        'phase_seed': 121.0,
        'pos': list([
          -156.0,
          360.0,
        ]),
        'ranged_projectile_type': None,
        'reward_value': 60.0,
        'size': 50.0,
        'spawn_slot': None,
        'target_offset': list([
          -256.0,
          160.0,
        ]),
        'tint': list([
          0.4,
          0.7,
          0.11,
          1.0,
        ]),
        'type_id': 2,
      }),
      dict({
        'ai_link_parent': 0,
        'ai_mode': 4,
        'ai_timer': None,
        'bonus_duration_override': None,
        'bonus_id': None,
        'contact_damage': 4.0,
        'flags': 0,
        'heading': None,
        'health': 40.0,
        'max_health': 40.0,
        'move_speed': 2.0,
        'orbit_angle': None,
        'orbit_radius': None,
        'origin_template_id': 21,
        'phase_seed': 28.0,
        'pos': list([
          -156.0,
          376.0,
        ]),
        'ranged_projectile_type': None,
        'reward_value': 60.0,
        'size': 50.0,
        'spawn_slot': None,
        'target_offset': list([
          -256.0,
          176.0,
        ]),
        'tint': list([
          0.4,
          0.7,
          0.11,
          1.0,
        ]),
        'type_id': 2,
      }),
      dict({
        'ai_link_parent': 0,
        'ai_mode': 4,
        'ai_timer': None,
        'bonus_duration_override': None,
        'bonus_id': None,
        'contact_damage': 4.0,
        'flags': 0,
        'heading': None,
        'health': 40.0,
        'max_health': 40.0,
        'move_speed': 2.0,
        'orbit_angle': None,
        'orbit_radius': None,
        'origin_template_id': 21,
        'phase_seed': 121.0,
        'pos': list([
          -156.0,
          392.0,
        ]),
        'ranged_projectile_type': None,
        'reward_value': 60.0,
        'size': 50.0,
        'spawn_slot': None,
        'target_offset': list([
          -256.0,
          192.0,
        ]),
        'tint': list([
          0.4,
          0.7,
          0.11,
          1.0,
        ]),
        'type_id': 2,
      }),
      dict({
        'ai_link_parent': 0,
        'ai_mode': 4,
        'ai_timer': None,
        'bonus_duration_override': None,
        'bonus_id': None,
        'contact_damage': 4.0,
        'flags': 0,
        'heading': None,
        'health': 40.0,
        'max_health': 40.0,
        'move_speed': 2.0,
        'orbit_angle': None,
        'orbit_radius': None,
        'origin_template_id': 21,
        'phase_seed': 68.0,
        'pos': list([
          -156.0,
          408.0,
        ]),
        'ranged_projectile_type': None,
        'reward_value': 60.0,
        'size': 50.0,
        'spawn_slot': None,
        'target_offset': list([
          -256.0,
          208.0,
        ]),
        'tint': list([
          0.4,
          0.7,
          0.11,
          1.0,
        ]),
        'type_id': 2,
      }),
      dict({
        'ai_link_parent': 0,
        'ai_mode': 4,
        'ai_timer': None,
        'bonus_duration_override': None,
        'bonus_id': None,
        'contact_damage': 4.0,
        'flags': 0,
        'heading': None,
        'health': 40.0,
        'max_health': 40.0,
        'move_speed': 2.0,
        'orbit_angle': None,
        'orbit_radius': None,
        'origin_template_id': 21,
        'phase_seed': 304.0,
        'pos': list([
          -156.0,
          424.0,
        ]),
        'ranged_projectile_type': None,
        'reward_value': 60.0,
        'size': 50.0,
        'spawn_slot': None,
        'target_offset': list([
          -256.0,
          224.0,
        ]),
        'tint': list([
          0.4,
          0.7,
          0.11,
          1.0,
        ]),
        'type_id': 2,
      }),
      dict({
        'ai_link_parent': 0,
        'ai_mode': 4,
        'ai_timer': None,
        'bonus_duration_override': None,
        'bonus_id': None,
        'contact_damage': 4.0,
        'flags': 0,
        'heading': None,
        'health': 40.0,
        'max_health': 40.0,
        'move_speed': 2.0,
        'orbit_angle': None,
        'orbit_radius': None,
        'origin_template_id': 21,
        'phase_seed': 55.0,
        'pos': list([
          -156.0,
          440.0,
        ]),
        'ranged_projectile_type': None,
        'reward_value': 60.0,
        'size': 50.0,
        'spawn_slot': None,
        'target_offset': list([
          -256.0,
          240.0,
        ]),
        'tint': list([
          0.4,
          0.7,
          0.11,
          1.0,
        ]),
        'type_id': 2,
      }),
      dict({
        'ai_link_parent': 0,
        'ai_mode': 4,
        'ai_timer': None,
        'bonus_duration_override': None,
        'bonus_id': None,
        'contact_damage': 4.0,
        'flags': 0,
        'heading': None,
        'health': 40.0,
        'max_health': 40.0,
        'move_speed': 2.0,
        'orbit_angle': None,
        'orbit_radius': None,
        'origin_template_id': 21,
        'phase_seed': 303.0,
        'pos': list([
          -156.0,
          456.0,
        ]),
        'ranged_projectile_type': None,
        'reward_value': 60.0,
        'size': 50.0,
        'spawn_slot': None,
        'target_offset': list([
          -256.0,
          256.0,
        ]),
        'tint': list([
          0.4,
          0.7,
          0.11,
          1.0,
        ]),
        'type_id': 2,
      }),
      dict({
        'ai_link_parent': 0,
        'ai_mode': 4,
        'ai_timer': None,
        'bonus_duration_override': None,
        'bonus_id': None,
        'contact_damage': 4.0,
        'flags': 0,
        'heading': None,
        'health': 40.0,
        'max_health': 40.0,
        'move_speed': 2.0,
        'orbit_angle': None,
        'orbit_radius': None,
        'origin_template_id': 21,
        'phase_seed': 331.0,
        'pos': list([
          -220.0,
          328.0,
        ]),
        'ranged_projectile_type': None,
        'reward_value': 60.0,
        'size': 50.0,
        'spawn_slot': None,
        'target_offset': list([
          -320.0,
          128.0,
        ]),
        'tint': list([
          0.4,
          0.7,
          0.11,
          1.0,
        ]),
        'type_id': 2,
      }),
      dict({
        'ai_link_parent': 0,
        'ai_mode': 4,
        'ai_timer': None,
        'bonus_duration_override': None,
        'bonus_id': None,
        'contact_damage': 4.0,
        'flags': 0,
        'heading': None,
        'health': 40.0,
        'max_health': 40.0,
        'move_speed': 2.0,
        'orbit_angle': None,
        'orbit_radius': None,
        'origin_template_id': 21,
        'phase_seed': 93.0,
        'pos': list([
          -220.0,
          344.0,
        ]),
        'ranged_projectile_type': None,
        'reward_value': 60.0,
        'size': 50.0,
        'spawn_slot': None,
        'target_offset': list([
          -320.0,
          144.0,
        ]),
        'tint': list([
          0.4,
          0.7,
          0.11,
          1.0,
        ]),
        'type_id': 2,
      }),
      dict({
        'ai_link_parent': 0,
        'ai_mode': 4,
        'ai_timer': None,
        'bonus_duration_override': None,
        'bonus_id': None,
        'contact_damage': 4.0,
        'flags': 0,
        'heading': None,
        'health': 40.0,
        'max_health': 40.0,
        'move_speed': 2.0,
        'orbit_angle': None,
        'orbit_radius': None,
        'origin_template_id': 21,
        'phase_seed': 42.0,
        'pos': list([
          -220.0,
          360.0,
        ]),
        'ranged_projectile_type': None,
        'reward_value': 60.0,
        'size': 50.0,
        'spawn_slot': None,
        'target_offset': list([
          -320.0,
          160.0,
        ]),
        'tint': list([
          0.4,
          0.7,
          0.11,
          1.0,
        ]),
        'type_id': 2,
      }),
      dict({
        'ai_link_parent': 0,
        'ai_mode': 4,
        'ai_timer': None,
        'bonus_duration_override': None,
        'bonus_id': None,
        'contact_damage': 4.0,
        'flags': 0,
        'heading': None,
        'health': 40.0,
        'max_health': 40.0,
        'move_speed': 2.0,
        'orbit_angle': None,
        'orbit_radius': None,
        'origin_template_id': 21,
        'phase_seed': 38.0,
        'pos': list([
          -220.0,
          376.0,
        ]),
        'ranged_projectile_type': None,
        'reward_value': 60.0,
        'size': 50.0,
        'spawn_slot': None,
        'target_offset': list([
          -320.0,
          176.0,
        ]),
        'tint': list([
          0.4,
          0.7,
          0.11,
          1.0,
        ]),
        'type_id': 2,
      }),
      dict({
        'ai_link_parent': 0,
        'ai_mode': 4,
        'ai_timer': None,
        'bonus_duration_override': None,
        'bonus_id': None,
        'contact_damage': 4.0,
        'flags': 0,
        'heading': None,
        'health': 40.0,
        'max_health': 40.0,
        'move_speed': 2.0,
        'orbit_angle': None,
        'orbit_radius': None,
        'origin_template_id': 21,
        'phase_seed': 310.0,
        'pos': list([
          -220.0,
          392.0,
        ]),
        'ranged_projectile_type': None,
        'reward_value': 60.0,
        'size': 50.0,
        'spawn_slot': None,
        'target_offset': list([
          -320.0,
          192.0,
        ]),
        'tint': list([
          0.4,
          0.7,
          0.11,
          1.0,
        ]),
        'type_id': 2,
      }),
      dict({
        'ai_link_parent': 0,
        'ai_mode': 4,
        'ai_timer': None,
        'bonus_duration_override': None,
        'bonus_id': None,
        'contact_damage': 4.0,
        'flags': 0,
        'heading': None,
        'health': 40.0,
        'max_health': 40.0,
        'move_speed': 2.0,
        'orbit_angle': None,
        'orbit_radius': None,
        'origin_template_id': 21,
        'phase_seed': 366.0,
        'pos': list([
          -220.0,
          408.0,
        ]),
        'ranged_projectile_type': None,
        'reward_value': 60.0,
        'size': 50.0,
        'spawn_slot': None,
        'target_offset': list([
          -320.0,
          208.0,
        ]),
        'tint': list([
          0.4,
          0.7,
          0.11,
          1.0,
        ]),
        'type_id': 2,
      }),
      dict({
        'ai_link_parent': 0,
        'ai_mode': 4,
        'ai_timer': None,
        'bonus_duration_override': None,
        'bonus_id': None,
        'contact_damage': 4.0,
        'flags': 0,
        'heading': None,
        'health': 40.0,
        'max_health': 40.0,
        'move_speed': 2.0,
        'orbit_angle': None,
        'orbit_radius': None,
        'origin_template_id': 21,
        'phase_seed': 61.0,
        'pos': list([
          -220.0,
          424.0,
        ]),
        'ranged_projectile_type': None,
        'reward_value': 60.0,
        'size': 50.0,
        'spawn_slot': None,
        'target_offset': list([
          -320.0,
          224.0,
        ]),
        'tint': list([
          0.4,
          0.7,
          0.11,
          1.0,
        ]),
        'type_id': 2,
      }),
      dict({
        'ai_link_parent': 0,
        'ai_mode': 4,
        'ai_timer': None,
        'bonus_duration_override': None,
        'bonus_id': None,
        'contact_damage': 4.0,
        'flags': 0,
        'heading': None,
        'health': 40.0,
        'max_health': 40.0,
        'move_speed': 2.0,
        'orbit_angle': None,
        'orbit_radius': None,
        'origin_template_id': 21,
        'phase_seed': 87.0,
        'pos': list([
          -220.0,
          440.0,
        ]),
        'ranged_projectile_type': None,
        'reward_value': 60.0,
        'size': 50.0,
        'spawn_slot': None,
        'target_offset': list([
          -320.0,
          240.0,
        ]),
        'tint': list([
          0.4,
          0.7,
          0.11,
          1.0,
        ]),
        'type_id': 2,
      }),
      dict({
        'ai_link_parent': 0,
        'ai_mode': 4,
        'ai_timer': None,
        'bonus_duration_override': None,
        'bonus_id': None,
        'contact_damage': 4.0,
        'flags': 0,
        'heading': None,
        'health': 40.0,
        'max_health': 40.0,
        'move_speed': 2.0,
        'orbit_angle': None,
        'orbit_radius': None,
        'origin_template_id': 21,
        'phase_seed': 40.0,
        'pos': list([
          -220.0,
          456.0,
        ]),
        'ranged_projectile_type': None,
        'reward_value': 60.0,
        'size': 50.0,
        'spawn_slot': None,
        'target_offset': list([
          -320.0,
          256.0,
        ]),
        'tint': list([
          0.4,
          0.7,
          0.11,
          1.0,
        ]),
        'type_id': 2,
      }),
      dict({
        'ai_link_parent': 0,
        'ai_mode': 4,
        'ai_timer': None,
        'bonus_duration_override': None,
        'bonus_id': None,
        'contact_damage': 4.0,
        'flags': 0,
        'heading': None,
        'health': 40.0,
        'max_health': 40.0,
        'move_speed': 2.0,
        'orbit_angle': None,
        'orbit_radius': None,
        'origin_template_id': 21,
        'phase_seed': 331.0,
        'pos': list([
          -284.0,
          328.0,
        ]),
        'ranged_projectile_type': None,
        'reward_value': 60.0,
        'size': 50.0,
        'spawn_slot': None,
        'target_offset': list([
          -384.0,
          128.0,
        ]),
        'tint': list([
          0.4,
          0.7,
          0.11,
          1.0,
        ]),
        'type_id': 2,
      }),
      dict({
        'ai_link_parent': 0,
        'ai_mode': 4,
        'ai_timer': None,
        'bonus_duration_override': None,
        'bonus_id': None,
        'contact_damage': 4.0,
        'flags': 0,
        'heading': None,
        'health': 40.0,
        'max_health': 40.0,
        'move_speed': 2.0,
        'orbit_angle': None,
        'orbit_radius': None,
        'origin_template_id': 21,
        'phase_seed': 332.0,
        'pos': list([
          -284.0,
          344.0,
        ]),
        'ranged_projectile_type': None,
        'reward_value': 60.0,
        'size': 50.0,
        'spawn_slot': None,
        'target_offset': list([
          -384.0,
          144.0,
        ]),
        'tint': list([
          0.4,
          0.7,
          0.11,
          1.0,
        ]),
        'type_id': 2,
      }),
      dict({
        'ai_link_parent': 0,
        'ai_mode': 4,
        'ai_timer': None,
        'bonus_duration_override': None,
        'bonus_id': None,
        'contact_damage': 4.0,
        'flags': 0,
        'heading': None,
        'health': 40.0,
        'max_health': 40.0,
        'move_speed': 2.0,
        'orbit_angle': None,
        'orbit_radius': None,
        'origin_template_id': 21,
        'phase_seed': 382.0,
        'pos': list([
          -284.0,
          360.0,
        ]),
        'ranged_projectile_type': None,
        'reward_value': 60.0,
        'size': 50.0,
        'spawn_slot': None,
        'target_offset': list([
          -384.0,
          160.0,
        ]),
        'tint': list([
          0.4,
          0.7,
          0.11,
          1.0,
        ]),
        'type_id': 2,
      }),
      dict({
        'ai_link_parent': 0,
        'ai_mode': 4,
        'ai_timer': None,
        'bonus_duration_override': None,
        'bonus_id': None,
        'contact_damage': 4.0,
        'flags': 0,
        'heading': None,
        'health': 40.0,
        'max_health': 40.0,
        'move_speed': 2.0,
        'orbit_angle': None,
        'orbit_radius': None,
        'origin_template_id': 21,
        'phase_seed': 379.0,
        'pos': list([
          -284.0,
          376.0,
        ]),
        'ranged_projectile_type': None,
        'reward_value': 60.0,
        'size': 50.0,
        'spawn_slot': None,
        'target_offset': list([
          -384.0,
          176.0,
        ]),
        'tint': list([
          0.4,
          0.7,
          0.11,
          1.0,
        ]),
        'type_id': 2,
      }),
      dict({
        'ai_link_parent': 0,
        'ai_mode': 4,
        'ai_timer': None,
        'bonus_duration_override': None,
        'bonus_id': None,
        'contact_damage': 4.0,
        'flags': 0,
        'heading': None,
        'health': 40.0,
        'max_health': 40.0,
        'move_speed': 2.0,
        'orbit_angle': None,
        'orbit_radius': None,
        'origin_template_id': 21,
        'phase_seed': 55.0,
        'pos': list([
          -284.0,
          392.0,
        ]),
        'ranged_projectile_type': None,
        'reward_value': 60.0,
        'size': 50.0,
        'spawn_slot': None,
        'target_offset': list([
          -384.0,
          192.0,
        ]),
        'tint': list([
          0.4,
          0.7,
          0.11,
          1.0,
        ]),
        'type_id': 2,
      }),
      dict({
        'ai_link_parent': 0,
        'ai_mode': 4,
        'ai_timer': None,
        'bonus_duration_override': None,
        'bonus_id': None,
        'contact_damage': 4.0,
        'flags': 0,
        'heading': None,
        'health': 40.0,
        'max_health': 40.0,
        'move_speed': 2.0,
        'orbit_angle': None,
        'orbit_radius': None,
        'origin_template_id': 21,
        'phase_seed': 25.0,
        'pos': list([
          -284.0,
          408.0,
        ]),
        'ranged_projectile_type': None,
        'reward_value': 60.0,
        'size': 50.0,
        'spawn_slot': None,
        'target_offset': list([
          -384.0,
          208.0,
        ]),
        'tint': list([
          0.4,
          0.7,
          0.11,
          1.0,
        ]),
        'type_id': 2,
      }),
      dict({
        'ai_link_parent': 0,
        'ai_mode': 4,
        'ai_timer': None,
        'bonus_duration_override': None,
        'bonus_id': None,
        'contact_damage': 4.0,
        'flags': 0,
        'heading': None,
        'health': 40.0,
        'max_health': 40.0,
        'move_speed': 2.0,
        'orbit_angle': None,
        'orbit_radius': None,
        'origin_template_id': 21,
        'phase_seed': 288.0,
        'pos': list([
          -284.0,
          424.0,
        ]),
        'ranged_projectile_type': None,
        'reward_value': 60.0,
        'size': 50.0,
        'spawn_slot': None,
        'target_offset': list([
          -384.0,
          224.0,
        ]),
        'tint': list([
          0.4,
          0.7,
          0.11,
          1.0,
        ]),
        'type_id': 2,
      }),
      dict({
        'ai_link_parent': 0,
        'ai_mode': 4,
        'ai_timer': None,
        'bonus_duration_override': None,
        'bonus_id': None,
        'contact_damage': 4.0,
        'flags': 0,
        'heading': None,
        'health': 40.0,
        'max_health': 40.0,
        'move_speed': 2.0,
        'orbit_angle': None,
        'orbit_radius': None,
        'origin_template_id': 21,
        'phase_seed': 306.0,
        'pos': list([
          -284.0,
          440.0,
        ]),
        'ranged_projectile_type': None,
        'reward_value': 60.0,
        'size': 50.0,
        'spawn_slot': None,
        'target_offset': list([
          -384.0,
          240.0,
        ]),
        'tint': list([
          0.4,
          0.7,
          0.11,
          1.0,
        ]),
        'type_id': 2,
      }),
      dict({
        'ai_link_parent': 0,
        'ai_mode': 4,
        'ai_timer': None,
        'bonus_duration_override': None,
        'bonus_id': None,
        'contact_damage': 4.0,
        'flags': 0,
        'heading': None,
        'health': 40.0,
        'max_health': 40.0,
        'move_speed': 2.0,
        'orbit_angle': None,
        'orbit_radius': None,
        'origin_template_id': 21,
        'phase_seed': 119.0,
        'pos': list([
          -284.0,
          456.0,
        ]),
        'ranged_projectile_type': None,
        'reward_value': 60.0,
        'size': 50.0,
        'spawn_slot': None,
        'target_offset': list([
          -384.0,
          256.0,
        ]),
        'tint': list([
          0.4,
          0.7,
          0.11,
          1.0,
        ]),
        'type_id': 2,
      }),
      dict({
        'ai_link_parent': 0,
        'ai_mode': 4,
        'ai_timer': None,
        'bonus_duration_override': None,
        'bonus_id': None,
        'contact_damage': 4.0,
        'flags': 0,
        'heading': None,
        'health': 40.0,
        'max_health': 40.0,
        'move_speed': 2.0,
        'orbit_angle': None,
        'orbit_radius': None,
        'origin_template_id': 21,
        'phase_seed': 358.0,
        'pos': list([
          -348.0,
          328.0,
        ]),
        'ranged_projectile_type': None,
        'reward_value': 60.0,
        'size': 50.0,
        'spawn_slot': None,
        'target_offset': list([
          -448.0,
          128.0,
        ]),
        'tint': list([
          0.4,
          0.7,
          0.11,
          1.0,
        ]),
        'type_id': 2,
      }),
      dict({
        'ai_link_parent': 0,
        'ai_mode': 4,
        'ai_timer': None,
        'bonus_duration_override': None,
        'bonus_id': None,
        'contact_damage': 4.0,
        'flags': 0,
        'heading': None,
        'health': 40.0,
        'max_health': 40.0,
        'move_speed': 2.0,
        'orbit_angle': None,
        'orbit_radius': None,
        'origin_template_id': 21,
        'phase_seed': 333.0,
        'pos': list([
          -348.0,
          344.0,
        ]),
        'ranged_projectile_type': None,
        'reward_value': 60.0,
        'size': 50.0,
        'spawn_slot': None,
        'target_offset': list([
          -448.0,
          144.0,
        ]),
        'tint': list([
          0.4,
          0.7,
          0.11,
          1.0,
        ]),
        'type_id': 2,
      }),
      dict({
        'ai_link_parent': 0,
        'ai_mode': 4,
        'ai_timer': None,
        'bonus_duration_override': None,
        'bonus_id': None,
        'contact_damage': 4.0,
        'flags': 0,
        'heading': None,
        'health': 40.0,
        'max_health': 40.0,
        'move_speed': 2.0,
        'orbit_angle': None,
        'orbit_radius': None,
        'origin_template_id': 21,
        'phase_seed': 47.0,
        'pos': list([
          -348.0,
          360.0,
        ]),
        'ranged_projectile_type': None,
        'reward_value': 60.0,
        'size': 50.0,
        'spawn_slot': None,
        'target_offset': list([
          -448.0,
          160.0,
        ]),
        'tint': list([
          0.4,
          0.7,
          0.11,
          1.0,
        ]),
        'type_id': 2,
      }),
      dict({
        'ai_link_parent': 0,
        'ai_mode': 4,
        'ai_timer': None,
        'bonus_duration_override': None,
        'bonus_id': None,
        'contact_damage': 4.0,
        'flags': 0,
        'heading': None,
        'health': 40.0,
        'max_health': 40.0,
        'move_speed': 2.0,
        'orbit_angle': None,
        'orbit_radius': None,
        'origin_template_id': 21,
        'phase_seed': 311.0,
        'pos': list([
          -348.0,
          376.0,
        ]),
        'ranged_projectile_type': None,
        'reward_value': 60.0,
        'size': 50.0,
        'spawn_slot': None,
        'target_offset': list([
          -448.0,
          176.0,
        ]),
        'tint': list([
          0.4,
          0.7,
          0.11,
          1.0,
        ]),
        'type_id': 2,
      }),
      dict({
        'ai_link_parent': 0,
        'ai_mode': 4,
        'ai_timer': None,
        'bonus_duration_override': None,
        'bonus_id': None,
        'contact_damage': 4.0,
        'flags': 0,
        'heading': None,
        'health': 40.0,
        'max_health': 40.0,
        'move_speed': 2.0,
        'orbit_angle': None,
        'orbit_radius': None,
        'origin_template_id': 21,
        'phase_seed': 324.0,
        'pos': list([
          -348.0,
          392.0,
        ]),
        'ranged_projectile_type': None,
        'reward_value': 60.0,
        'size': 50.0,
        'spawn_slot': None,
        'target_offset': list([
          -448.0,
          192.0,
        ]),
        'tint': list([
          0.4,
          0.7,
          0.11,
          1.0,
        ]),
        'type_id': 2,
      }),
      dict({
        'ai_link_parent': 0,
        'ai_mode': 4,
        'ai_timer': None,
        'bonus_duration_override': None,
        'bonus_id': None,
        'contact_damage': 4.0,
        'flags': 0,
        'heading': None,
        'health': 40.0,
        'max_health': 40.0,
        'move_speed': 2.0,
        'orbit_angle': None,
        'orbit_radius': None,
        'origin_template_id': 21,
        'phase_seed': 291.0,
        'pos': list([
          -348.0,
          408.0,
        ]),
        'ranged_projectile_type': None,
        'reward_value': 60.0,
        'size': 50.0,
        'spawn_slot': None,
        'target_offset': list([
          -448.0,
          208.0,
        ]),
        'tint': list([
          0.4,
          0.7,
          0.11,
          1.0,
        ]),
        'type_id': 2,
      }),
      dict({
        'ai_link_parent': 0,
        'ai_mode': 4,
        'ai_timer': None,
        'bonus_duration_override': None,
        'bonus_id': None,
        'contact_damage': 4.0,
        'flags': 0,
        'heading': None,
        'health': 40.0,
        'max_health': 40.0,
        'move_speed': 2.0,
        'orbit_angle': None,
        'orbit_radius': None,
        'origin_template_id': 21,
        'phase_seed': 295.0,
        'pos': list([
          -348.0,
          424.0,
        ]),
        'ranged_projectile_type': None,
        'reward_value': 60.0,
        'size': 50.0,
        'spawn_slot': None,
        'target_offset': list([
          -448.0,
          224.0,
        ]),
        'tint': list([
          0.4,
          0.7,
          0.11,
          1.0,
        ]),
        'type_id': 2,
      }),
      dict({
        'ai_link_parent': 0,
        'ai_mode': 4,
        'ai_timer': None,
        'bonus_duration_override': None,
        'bonus_id': None,
        'contact_damage': 4.0,
        'flags': 0,
        'heading': None,
        'health': 40.0,
        'max_health': 40.0,
        'move_speed': 2.0,
        'orbit_angle': None,
        'orbit_radius': None,
        'origin_template_id': 21,
        'phase_seed': 297.0,
        'pos': list([
          -348.0,
          440.0,
        ]),
        'ranged_projectile_type': None,
        'reward_value': 60.0,
        'size': 50.0,
        'spawn_slot': None,
        'target_offset': list([
          -448.0,
          240.0,
        ]),
        'tint': list([
          0.4,
          0.7,
          0.11,
          1.0,
        ]),
        'type_id': 2,
      }),
      dict({
        'ai_link_parent': 0,
        'ai_mode': 4,
        'ai_timer': None,
        'bonus_duration_override': None,
        'bonus_id': None,
        'contact_damage': 4.0,
        'flags': 0,
        'heading': None,
        'health': 40.0,
        'max_health': 40.0,
        'move_speed': 2.0,
        'orbit_angle': None,
        'orbit_radius': None,
        'origin_template_id': 21,
        'phase_seed': 38.0,
        'pos': list([
          -348.0,
          456.0,
        ]),
        'ranged_projectile_type': None,
        'reward_value': 60.0,
        'size': 50.0,
        'spawn_slot': None,
        'target_offset': list([
          -448.0,
          256.0,
        ]),
        'tint': list([
          0.4,
          0.7,
          0.11,
          1.0,
        ]),
        'type_id': 2,
      }),
      dict({
        'ai_link_parent': 0,
        'ai_mode': 4,
        'ai_timer': None,
        'bonus_duration_override': None,
        'bonus_id': None,
        'contact_damage': 4.0,
        'flags': 0,
        'heading': None,
        'health': 40.0,
        'max_health': 40.0,
        'move_speed': 2.0,
        'orbit_angle': None,
        'orbit_radius': None,
        'origin_template_id': 21,
        'phase_seed': 19.0,
        'pos': list([
          -412.0,
          328.0,
        ]),
        'ranged_projectile_type': None,
        'reward_value': 60.0,
        'size': 50.0,
        'spawn_slot': None,
        'target_offset': list([
          -512.0,
          128.0,
        ]),
        'tint': list([
          0.4,
          0.7,
          0.11,
          1.0,
        ]),
        'type_id': 2,
      }),
      dict({
        'ai_link_parent': 0,
        'ai_mode': 4,
        'ai_timer': None,
        'bonus_duration_override': None,
        'bonus_id': None,
        'contact_damage': 4.0,
        'flags': 0,
        'heading': None,
        'health': 40.0,
        'max_health': 40.0,
        'move_speed': 2.0,
        'orbit_angle': None,
        'orbit_radius': None,
        'origin_template_id': 21,
        'phase_seed': 82.0,
        'pos': list([
          -412.0,
          344.0,
        ]),
        'ranged_projectile_type': None,
        'reward_value': 60.0,
        'size': 50.0,
        'spawn_slot': None,
        'target_offset': list([
          -512.0,
          144.0,
        ]),
        'tint': list([
          0.4,
          0.7,
          0.11,
          1.0,
        ]),
        'type_id': 2,
      }),
      dict({
        'ai_link_parent': 0,
        'ai_mode': 4,
        'ai_timer': None,
        'bonus_duration_override': None,
        'bonus_id': None,
        'contact_damage': 4.0,
        'flags': 0,
        'heading': None,
        'health': 40.0,
        'max_health': 40.0,
        'move_speed': 2.0,
        'orbit_angle': None,
        'orbit_radius': None,
        'origin_template_id': 21,
        'phase_seed': 111.0,
        'pos': list([
          -412.0,
          360.0,
        ]),
        'ranged_projectile_type': None,
        'reward_value': 60.0,
        'size': 50.0,
        'spawn_slot': None,
        'target_offset': list([
          -512.0,
          160.0,
        ]),
        'tint': list([
          0.4,
          0.7,
          0.11,
          1.0,
        ]),
        'type_id': 2,
      }),
      dict({
        'ai_link_parent': 0,
        'ai_mode': 4,
        'ai_timer': None,
        'bonus_duration_override': None,
        'bonus_id': None,
        'contact_damage': 4.0,
        'flags': 0,
        'heading': None,
        'health': 40.0,
        'max_health': 40.0,
        'move_speed': 2.0,
        'orbit_angle': None,
        'orbit_radius': None,
        'origin_template_id': 21,
        'phase_seed': 57.0,
        'pos': list([
          -412.0,
          376.0,
        ]),
        'ranged_projectile_type': None,
        'reward_value': 60.0,
        'size': 50.0,
        'spawn_slot': None,
        'target_offset': list([
          -512.0,
          176.0,
        ]),
        'tint': list([
          0.4,
          0.7,
          0.11,
          1.0,
        ]),
        'type_id': 2,
      }),
      dict({
        'ai_link_parent': 0,
        'ai_mode': 4,
        'ai_timer': None,
        'bonus_duration_override': None,
        'bonus_id': None,
        'contact_damage': 4.0,
        'flags': 0,
        'heading': None,
        'health': 40.0,
        'max_health': 40.0,
        'move_speed': 2.0,
        'orbit_angle': None,
        'orbit_radius': None,
        'origin_template_id': 21,
        'phase_seed': 360.0,
        'pos': list([
          -412.0,
          392.0,
        ]),
        'ranged_projectile_type': None,
        'reward_value': 60.0,
        'size': 50.0,
        'spawn_slot': None,
        'target_offset': list([
          -512.0,
          192.0,
        ]),
        'tint': list([
          0.4,
          0.7,
          0.11,
          1.0,
        ]),
        'type_id': 2,
      }),
      dict({
        'ai_link_parent': 0,
        'ai_mode': 4,
        'ai_timer': None,
        'bonus_duration_override': None,
        'bonus_id': None,
        'contact_damage': 4.0,
        'flags': 0,
        'heading': None,
        'health': 40.0,
        'max_health': 40.0,
        'move_speed': 2.0,
        'orbit_angle': None,
        'orbit_radius': None,
        'origin_template_id': 21,
        'phase_seed': 359.0,
        'pos': list([
          -412.0,
          408.0,
        ]),
        'ranged_projectile_type': None,
        'reward_value': 60.0,
        'size': 50.0,
        'spawn_slot': None,
        'target_offset': list([
          -512.0,
          208.0,
        ]),
        'tint': list([
          0.4,
          0.7,
          0.11,
          1.0,
        ]),
        'type_id': 2,
      }),
      dict({
        'ai_link_parent': 0,
        'ai_mode': 4,
        'ai_timer': None,
        'bonus_duration_override': None,
        'bonus_id': None,
        'contact_damage': 4.0,
        'flags': 0,
        'heading': None,
        'health': 40.0,
        'max_health': 40.0,
        'move_speed': 2.0,
        'orbit_angle': None,
        'orbit_radius': None,
        'origin_template_id': 21,
        'phase_seed': 59.0,
        'pos': list([
          -412.0,
          424.0,
        ]),
        'ranged_projectile_type': None,
        'reward_value': 60.0,
        'size': 50.0,
        'spawn_slot': None,
        'target_offset': list([
          -512.0,
          224.0,
        ]),
        'tint': list([
          0.4,
          0.7,
          0.11,
          1.0,
        ]),
        'type_id': 2,
      }),
      dict({
        'ai_link_parent': 0,
        'ai_mode': 4,
        'ai_timer': None,
        'bonus_duration_override': None,
        'bonus_id': None,
        'contact_damage': 4.0,
        'flags': 0,
        'heading': None,
        'health': 40.0,
        'max_health': 40.0,
        'move_speed': 2.0,
        'orbit_angle': None,
        'orbit_radius': None,
        'origin_template_id': 21,
        'phase_seed': 120.0,
        'pos': list([
          -412.0,
          440.0,
        ]),
        'ranged_projectile_type': None,
        'reward_value': 60.0,
        'size': 50.0,
        'spawn_slot': None,
        'target_offset': list([
          -512.0,
          240.0,
        ]),
        'tint': list([
          0.4,
          0.7,
          0.11,
          1.0,
        ]),
        'type_id': 2,
      }),
      dict({
        'ai_link_parent': 0,
        'ai_mode': 4,
        'ai_timer': None,
        'bonus_duration_override': None,
        'bonus_id': None,
        'contact_damage': 4.0,
        'flags': 0,
        'heading': 0.0,
        'health': 20.0,
        'max_health': 20.0,
        'move_speed': 2.0,
        'orbit_angle': None,
        'orbit_radius': None,
        'origin_template_id': 21,
        'phase_seed': 260.0,
        'pos': list([
          -412.0,
          456.0,
        ]),
        'ranged_projectile_type': None,
        'reward_value': 60.0,
        'size': 50.0,
        'spawn_slot': None,
        'target_offset': list([
          -512.0,
          256.0,
        ]),
        'tint': list([
          0.4,
          0.7,
          0.11,
          1.0,
        ]),
        'type_id': 2,
      }),
    ]),
    'effects': list([
    ]),
    'primary': 81,
    'spawn_slots': list([
    ]),
    'template_id': 21,
  })
# ---
# name: test_spawn_plan_snapshot[template_1f]
  dict({
    'creatures': list([
      dict({
        'ai_link_parent': None,
        'ai_mode': 0,
        'ai_timer': None,
        'bonus_duration_override': None,
        'bonus_id': None,
        'contact_damage': 20.0,
        'flags': 0,
        'heading': 0.0,
        'health': 238.0,
        'max_health': 238.0,
        'move_speed': 3.0,
        'orbit_angle': None,
        'orbit_radius': None,
        'origin_template_id': 31,
        'phase_seed': 296.0,
        'pos': list([
          100.0,
          200.0,
        ]),
        'ranged_projectile_type': None,
        'reward_value': 170.0,
        'size': 56.0,
        'spawn_slot': None,
        'target_offset': None,
        'tint': list([
          0.5,
          0.634,
          0.604,
          1.0,
        ]),
        'type_id': 2,
      }),
    ]),
    'effects': list([
    ]),
    'primary': 0,
    'spawn_slots': list([
    ]),
    'template_id': 31,
  })
# ---
# name: test_spawn_plan_snapshot[template_24]
  dict({
    'creatures': list([
      dict({
        'ai_link_parent': None,
        'ai_mode': 0,
        'ai_timer': None,
        'bonus_duration_override': None,
        'bonus_id': None,
        'contact_damage': 4.0,
        'flags': 0,
        'heading': 0.0,
        'health': 20.0,
        'max_health': 20.0,
        'move_speed': 2.0,
        'orbit_angle': None,
        'orbit_radius': None,
        'origin_template_id': 36,
        'phase_seed': 296.0,
        'pos': list([
          100.0,
          200.0,
        ]),
        'ranged_projectile_type': None,
        'reward_value': 110.0,
        'size': 50.0,
        'spawn_slot': None,
        'target_offset': None,
        'tint': list([
          0.1,
          0.7,
          0.11,
          1.0,
        ]),
        'type_id': 2,
      }),
    ]),
    'effects': list([
    ]),
    'primary': 0,
    'spawn_slots': list([
    ]),
    'template_id': 36,
  })
# ---
